// Jest Snapshot v1, https://goo.gl/fbAQLP

exports[`renders photo for outfit list card with product 37315 1`] = `
<div
  className="related-photo"
>
  <img
    alt={37311}
    className="related-photo"
    src="https://images.unsplash.com/photo-1551489186-cf8726f514f8?ixlib=rb-1.2.1&ixid=eyJhcHBfaWQiOjEyMDd9&auto=format&fit=crop&w=1650&q=80"
  />
  <div
    className="related-thumbnails"
    onClick={[Function]}
  >
    <img
      alt="thumbnail"
      data-testid="thumbnail"
      onClick={[Function]}
      src="https://images.unsplash.com/photo-1551489186-cf8726f514f8?ixlib=rb-1.2.1&ixid=eyJhcHBfaWQiOjEyMDd9&auto=format&fit=crop&w=300&q=80"
      style={
        {
          "transform": "translate(-0px, 0)",
          "transition": "transform 600ms ease-in-out",
        }
      }
    />
  </div>
  <div
    className="mini-left-arrow"
    onClick={[Function]}
  />
  <div
    className="mini-right-arrow"
    data-testid="mini-right-arrow"
    onClick={[Function]}
  />
</div>
`;
